// Jest Snapshot v1, https://goo.gl/fbAQLP

exports[`Home Page session exists displays username 1`] = `
<div>
  <div
    class="p-10"
  >
    <h2>
      Welcome to the homepage
    </h2>
    <p>
      Test Testoff
    </p>
  </div>
</div>
`;
