// Jest Snapshot v1, https://goo.gl/fbAQLP

exports[`Storyshots Examples/Button Basic Hello 1`] = `
<div
  style={
    Object {
      "margin": "3em",
    }
  }
>
  <h1
    className="Hello__H1-sc-1m8qelh-0 hDLvwA"
  >
    Hello
  </h1>
</div>
`;
